Number of literals: 40
Constructing lookup tables: [10%] [20%] [30%] [40%] [50%] [60%] [70%] [80%] [90%] [100%]
Post filtering unreachable actions:  [10%] [20%] [30%] [40%] [50%] [60%] [70%] [80%] [90%] [100%]
[01;34mNo analytic limits found, not considering limit effects of goal-only operators[00m
All the ground actions in this problem are compression-safe
Initial heuristic = 8.000
b (7.000 | 5.000)b (6.000 | 15.001)
Resorting to best-first search
b (7.000 | 5.000)b (6.000 | 15.001)b (5.000 | 25.002)b (3.000 | 25.002)b (1.000 | 35.003);;;; Solution Found
; States evaluated: 98
; Cost: 45.004
; Time 0.02
0.000: (cross leia outdoor corridor maindoor_to_corridor wp_maindoor_to_corridor wp_corridor_from_maindoor)  [5.000]
5.001: (navigate leia corridor kitchen corridor_to_livingroom wp_corridor_from_maindoor wp_kitchen)  [10.000]
15.002: (guide_navigate leia kitchen corridor corridor_to_livingroom wp_kitchen wp_corridor_to_maindoor juan)  [10.000]
25.003: (guide_cross leia corridor outdoor corridor_to_maindoor wp_corridor_to_maindoor wp_maindoor_from_corridor juan)  [10.000]
35.004: (guide_move leia wp_maindoor_from_corridor wp_maindoor_to_corridor outdoor juan)  [10.000]
